# JMH version: 1.37
# VM version: JDK 17.0.19, OpenJDK 64-Bit Server VM, 17.0.19+10-LTS
# VM invoker: <HOME>/.local/share/mise/installs/java/zulu-17.66.19.0/bin/java
# VM options: <none>
# Blackhole mode: compiler (auto-detected, use -Djmh.blackhole.autoDetect=false to disable)
# Warmup: 5 iterations, 1 s each
# Measurement: 8 iterations, 1 s each
# Timeout: 10 min per iteration
# Threads: 1 thread, will synchronize iterations
# Benchmark mode: Average time, time/op
# Benchmark: io.github.agentic.spring.ai.benchmark.react.AgenticSpringReactBenchmark.directModelBaseline

# Run progress: 0.00% complete, ETA 00:01:57
# Fork: 1 of 3
# Warmup Iteration   1: 0.031 us/op
# Warmup Iteration   2: 0.028 us/op
# Warmup Iteration   3: 0.028 us/op
# Warmup Iteration   4: 0.028 us/op
# Warmup Iteration   5: 0.028 us/op
Iteration   1: 0.028 us/op
                 gc.alloc.rate:      15595.640 MB/sec
                 gc.alloc.rate.norm: 456.000 B/op
                 gc.count:           22.000 counts
                 gc.time:            12.000 ms

Iteration   2: 0.028 us/op
                 gc.alloc.rate:      15527.579 MB/sec
                 gc.alloc.rate.norm: 456.000 B/op
                 gc.count:           22.000 counts
                 gc.time:            13.000 ms

Iteration   3: 0.029 us/op
                 gc.alloc.rate:      14766.388 MB/sec
                 gc.alloc.rate.norm: 456.000 B/op
                 gc.count:           21.000 counts
                 gc.time:            13.000 ms

Iteration   4: 0.028 us/op
                 gc.alloc.rate:      15501.514 MB/sec
                 gc.alloc.rate.norm: 456.000 B/op
                 gc.count:           22.000 counts
                 gc.time:            14.000 ms

Iteration   5: 0.029 us/op
                 gc.alloc.rate:      15199.300 MB/sec
                 gc.alloc.rate.norm: 456.000 B/op
                 gc.count:           22.000 counts
                 gc.time:            13.000 ms

Iteration   6: 0.028 us/op
                 gc.alloc.rate:      15574.095 MB/sec
                 gc.alloc.rate.norm: 456.000 B/op
                 gc.count:           22.000 counts
                 gc.time:            13.000 ms

Iteration   7: 0.028 us/op
                 gc.alloc.rate:      15608.334 MB/sec
                 gc.alloc.rate.norm: 456.000 B/op
                 gc.count:           23.000 counts
                 gc.time:            13.000 ms

Iteration   8: 0.029 us/op
                 gc.alloc.rate:      15109.162 MB/sec
                 gc.alloc.rate.norm: 456.000 B/op
                 gc.count:           21.000 counts
                 gc.time:            13.000 ms


# Run progress: 11.11% complete, ETA 00:02:28
# Fork: 2 of 3
# Warmup Iteration   1: 0.033 us/op
# Warmup Iteration   2: 0.027 us/op
# Warmup Iteration   3: 0.028 us/op
# Warmup Iteration   4: 0.028 us/op
# Warmup Iteration   5: 0.028 us/op
Iteration   1: 0.028 us/op
                 gc.alloc.rate:      15738.877 MB/sec
                 gc.alloc.rate.norm: 456.000 B/op
                 gc.count:           21.000 counts
                 gc.time:            12.000 ms

Iteration   2: 0.028 us/op
                 gc.alloc.rate:      15746.287 MB/sec
                 gc.alloc.rate.norm: 456.000 B/op
                 gc.count:           21.000 counts
                 gc.time:            12.000 ms

Iteration   3: 0.028 us/op
                 gc.alloc.rate:      15732.188 MB/sec
                 gc.alloc.rate.norm: 456.000 B/op
                 gc.count:           21.000 counts
                 gc.time:            13.000 ms

Iteration   4: 0.030 us/op
                 gc.alloc.rate:      14463.269 MB/sec
                 gc.alloc.rate.norm: 456.000 B/op
                 gc.count:           19.000 counts
                 gc.time:            11.000 ms

Iteration   5: 0.028 us/op
                 gc.alloc.rate:      15715.420 MB/sec
                 gc.alloc.rate.norm: 456.000 B/op
                 gc.count:           22.000 counts
                 gc.time:            13.000 ms

Iteration   6: 0.032 us/op
                 gc.alloc.rate:      13481.096 MB/sec
                 gc.alloc.rate.norm: 456.000 B/op
                 gc.count:           18.000 counts
                 gc.time:            13.000 ms

Iteration   7: 0.028 us/op
                 gc.alloc.rate:      15712.690 MB/sec
                 gc.alloc.rate.norm: 456.000 B/op
                 gc.count:           21.000 counts
                 gc.time:            13.000 ms

Iteration   8: 0.030 us/op
                 gc.alloc.rate:      14263.904 MB/sec
                 gc.alloc.rate.norm: 456.000 B/op
                 gc.count:           19.000 counts
                 gc.time:            12.000 ms


# Run progress: 22.22% complete, ETA 00:02:10
# Fork: 3 of 3
# Warmup Iteration   1: 0.031 us/op
# Warmup Iteration   2: 0.027 us/op
# Warmup Iteration   3: 0.028 us/op
# Warmup Iteration   4: 0.028 us/op
# Warmup Iteration   5: 0.028 us/op
Iteration   1: 0.028 us/op
                 gc.alloc.rate:      15718.408 MB/sec
                 gc.alloc.rate.norm: 456.000 B/op
                 gc.count:           23.000 counts
                 gc.time:            14.000 ms

Iteration   2: 0.028 us/op
                 gc.alloc.rate:      15678.032 MB/sec
                 gc.alloc.rate.norm: 456.000 B/op
                 gc.count:           22.000 counts
                 gc.time:            13.000 ms

Iteration   3: 0.028 us/op
                 gc.alloc.rate:      15719.166 MB/sec
                 gc.alloc.rate.norm: 456.000 B/op
                 gc.count:           23.000 counts
                 gc.time:            13.000 ms

Iteration   4: 0.028 us/op
                 gc.alloc.rate:      15758.185 MB/sec
                 gc.alloc.rate.norm: 456.000 B/op
                 gc.count:           22.000 counts
                 gc.time:            13.000 ms

Iteration   5: 0.028 us/op
                 gc.alloc.rate:      15674.278 MB/sec
                 gc.alloc.rate.norm: 456.000 B/op
                 gc.count:           23.000 counts
                 gc.time:            13.000 ms

Iteration   6: 0.028 us/op
                 gc.alloc.rate:      15695.711 MB/sec
                 gc.alloc.rate.norm: 456.000 B/op
                 gc.count:           23.000 counts
                 gc.time:            14.000 ms

Iteration   7: 0.028 us/op
                 gc.alloc.rate:      15731.701 MB/sec
                 gc.alloc.rate.norm: 456.000 B/op
                 gc.count:           22.000 counts
                 gc.time:            12.000 ms

Iteration   8: 0.028 us/op
                 gc.alloc.rate:      15265.801 MB/sec
                 gc.alloc.rate.norm: 456.000 B/op
                 gc.count:           22.000 counts
                 gc.time:            13.000 ms



Result "io.github.agentic.spring.ai.benchmark.react.AgenticSpringReactBenchmark.directModelBaseline":
  0.028 ±(99.9%) 0.001 us/op [Average]
  (min, avg, max) = (0.028, 0.028, 0.032), stdev = 0.001
  CI (99.9%): [0.027, 0.029] (assumes normal distribution)

Secondary result "io.github.agentic.spring.ai.benchmark.react.AgenticSpringReactBenchmark.directModelBaseline:gc.alloc.rate":
  15374.043 ±(99.9%) 446.167 MB/sec [Average]
  (min, avg, max) = (13481.096, 15374.043, 15758.185), stdev = 580.143
  CI (99.9%): [14927.876, 15820.210] (assumes normal distribution)

Secondary result "io.github.agentic.spring.ai.benchmark.react.AgenticSpringReactBenchmark.directModelBaseline:gc.alloc.rate.norm":
  456.000 ±(99.9%) 0.001 B/op [Average]
  (min, avg, max) = (456.000, 456.000, 456.000), stdev = 0.001
  CI (99.9%): [456.000, 456.000] (assumes normal distribution)

Secondary result "io.github.agentic.spring.ai.benchmark.react.AgenticSpringReactBenchmark.directModelBaseline:gc.count":
  517.000 ±(99.9%) 0.001 counts [Sum]
  (min, avg, max) = (18.000, 21.542, 23.000), stdev = 1.318
  CI (99.9%): [517.000, 517.000] (assumes normal distribution)

Secondary result "io.github.agentic.spring.ai.benchmark.react.AgenticSpringReactBenchmark.directModelBaseline:gc.time":
  308.000 ±(99.9%) 0.001 ms [Sum]
  (min, avg, max) = (11.000, 12.833, 14.000), stdev = 0.702
  CI (99.9%): [308.000, 308.000] (assumes normal distribution)


# JMH version: 1.37
# VM version: JDK 17.0.19, OpenJDK 64-Bit Server VM, 17.0.19+10-LTS
# VM invoker: <HOME>/.local/share/mise/installs/java/zulu-17.66.19.0/bin/java
# VM options: <none>
# Blackhole mode: compiler (auto-detected, use -Djmh.blackhole.autoDetect=false to disable)
# Warmup: 5 iterations, 1 s each
# Measurement: 8 iterations, 1 s each
# Timeout: 10 min per iteration
# Threads: 1 thread, will synchronize iterations
# Benchmark mode: Average time, time/op
# Benchmark: io.github.agentic.spring.ai.benchmark.react.AgenticSpringReactBenchmark.oneModelTurn

# Run progress: 33.33% complete, ETA 00:01:51
# Fork: 1 of 3
# Warmup Iteration   1: 406.056 us/op
# Warmup Iteration   2: 131.293 us/op
# Warmup Iteration   3: 93.966 us/op
# Warmup Iteration   4: 91.996 us/op
# Warmup Iteration   5: 92.904 us/op
Iteration   1: 91.930 us/op
                 gc.alloc.rate:      3972.872 MB/sec
                 gc.alloc.rate.norm: 383032.915 B/op
                 gc.count:           12.000 counts
                 gc.time:            7.000 ms

Iteration   2: 92.907 us/op
                 gc.alloc.rate:      3931.175 MB/sec
                 gc.alloc.rate.norm: 383039.933 B/op
                 gc.count:           12.000 counts
                 gc.time:            7.000 ms

Iteration   3: 91.752 us/op
                 gc.alloc.rate:      3980.840 MB/sec
                 gc.alloc.rate.norm: 383032.538 B/op
                 gc.count:           12.000 counts
                 gc.time:            7.000 ms

Iteration   4: 91.793 us/op
                 gc.alloc.rate:      3979.090 MB/sec
                 gc.alloc.rate.norm: 383032.538 B/op
                 gc.count:           12.000 counts
                 gc.time:            7.000 ms

Iteration   5: 91.406 us/op
                 gc.alloc.rate:      3995.871 MB/sec
                 gc.alloc.rate.norm: 383032.537 B/op
                 gc.count:           11.000 counts
                 gc.time:            7.000 ms

Iteration   6: 91.298 us/op
                 gc.alloc.rate:      4000.671 MB/sec
                 gc.alloc.rate.norm: 383033.294 B/op
                 gc.count:           12.000 counts
                 gc.time:            7.000 ms

Iteration   7: 91.355 us/op
                 gc.alloc.rate:      3998.023 MB/sec
                 gc.alloc.rate.norm: 383032.542 B/op
                 gc.count:           12.000 counts
                 gc.time:            7.000 ms

Iteration   8: 91.151 us/op
                 gc.alloc.rate:      4007.082 MB/sec
                 gc.alloc.rate.norm: 383032.535 B/op
                 gc.count:           12.000 counts
                 gc.time:            7.000 ms


# Run progress: 44.44% complete, ETA 00:01:32
# Fork: 2 of 3
# Warmup Iteration   1: 376.508 us/op
# Warmup Iteration   2: 128.020 us/op
# Warmup Iteration   3: 96.998 us/op
# Warmup Iteration   4: 94.652 us/op
# Warmup Iteration   5: 94.234 us/op
Iteration   1: 93.896 us/op
                 gc.alloc.rate:      3892.309 MB/sec
                 gc.alloc.rate.norm: 383264.935 B/op
                 gc.count:           11.000 counts
                 gc.time:            6.000 ms

Iteration   2: 93.908 us/op
                 gc.alloc.rate:      3891.840 MB/sec
                 gc.alloc.rate.norm: 383264.551 B/op
                 gc.count:           12.000 counts
                 gc.time:            7.000 ms

Iteration   3: 93.276 us/op
                 gc.alloc.rate:      3918.153 MB/sec
                 gc.alloc.rate.norm: 383264.553 B/op
                 gc.count:           12.000 counts
                 gc.time:            7.000 ms

Iteration   4: 92.985 us/op
                 gc.alloc.rate:      3930.362 MB/sec
                 gc.alloc.rate.norm: 383264.551 B/op
                 gc.count:           11.000 counts
                 gc.time:            6.000 ms

Iteration   5: 93.021 us/op
                 gc.alloc.rate:      3928.896 MB/sec
                 gc.alloc.rate.norm: 383264.543 B/op
                 gc.count:           12.000 counts
                 gc.time:            7.000 ms

Iteration   6: 93.215 us/op
                 gc.alloc.rate:      3920.620 MB/sec
                 gc.alloc.rate.norm: 383265.324 B/op
                 gc.count:           12.000 counts
                 gc.time:            7.000 ms

Iteration   7: 93.148 us/op
                 gc.alloc.rate:      3923.442 MB/sec
                 gc.alloc.rate.norm: 383264.552 B/op
                 gc.count:           12.000 counts
                 gc.time:            7.000 ms

Iteration   8: 93.605 us/op
                 gc.alloc.rate:      3904.375 MB/sec
                 gc.alloc.rate.norm: 383264.549 B/op
                 gc.count:           11.000 counts
                 gc.time:            6.000 ms


# Run progress: 55.56% complete, ETA 00:01:14
# Fork: 3 of 3
# Warmup Iteration   1: 409.042 us/op
# Warmup Iteration   2: 134.277 us/op
# Warmup Iteration   3: 107.383 us/op
# Warmup Iteration   4: 118.484 us/op
# Warmup Iteration   5: 133.351 us/op
Iteration   1: 125.918 us/op
                 gc.alloc.rate:      2903.497 MB/sec
                 gc.alloc.rate.norm: 383416.747 B/op
                 gc.count:           9.000 counts
                 gc.time:            6.000 ms

Iteration   2: 131.558 us/op
                 gc.alloc.rate:      2778.955 MB/sec
                 gc.alloc.rate.norm: 383417.318 B/op
                 gc.count:           8.000 counts
                 gc.time:            7.000 ms

Iteration   3: 97.733 us/op
                 gc.alloc.rate:      3741.000 MB/sec
                 gc.alloc.rate.norm: 383416.573 B/op
                 gc.count:           11.000 counts
                 gc.time:            6.000 ms

Iteration   4: 95.632 us/op
                 gc.alloc.rate:      3822.756 MB/sec
                 gc.alloc.rate.norm: 383416.562 B/op
                 gc.count:           12.000 counts
                 gc.time:            7.000 ms

Iteration   5: 94.750 us/op
                 gc.alloc.rate:      3858.307 MB/sec
                 gc.alloc.rate.norm: 383416.564 B/op
                 gc.count:           11.000 counts
                 gc.time:            6.000 ms

Iteration   6: 95.575 us/op
                 gc.alloc.rate:      3825.277 MB/sec
                 gc.alloc.rate.norm: 383416.567 B/op
                 gc.count:           12.000 counts
                 gc.time:            7.000 ms

Iteration   7: 95.160 us/op
                 gc.alloc.rate:      3842.090 MB/sec
                 gc.alloc.rate.norm: 383417.351 B/op
                 gc.count:           11.000 counts
                 gc.time:            6.000 ms

Iteration   8: 94.947 us/op
                 gc.alloc.rate:      3850.646 MB/sec
                 gc.alloc.rate.norm: 383416.563 B/op
                 gc.count:           12.000 counts
                 gc.time:            7.000 ms



Result "io.github.agentic.spring.ai.benchmark.react.AgenticSpringReactBenchmark.oneModelTurn":
  96.330 ±(99.9%) 7.806 us/op [Average]
  (min, avg, max) = (91.151, 96.330, 131.558), stdev = 10.150
  CI (99.9%): [88.524, 104.136] (assumes normal distribution)

Secondary result "io.github.agentic.spring.ai.benchmark.react.AgenticSpringReactBenchmark.oneModelTurn:gc.alloc.rate":
  3824.923 ±(99.9%) 239.014 MB/sec [Average]
  (min, avg, max) = (2778.955, 3824.923, 4007.082), stdev = 310.786
  CI (99.9%): [3585.909, 4063.937] (assumes normal distribution)

Secondary result "io.github.agentic.spring.ai.benchmark.react.AgenticSpringReactBenchmark.oneModelTurn:gc.alloc.rate.norm":
  383238.360 ±(99.9%) 123.766 B/op [Average]
  (min, avg, max) = (383032.535, 383238.360, 383417.351), stdev = 160.930
  CI (99.9%): [383114.594, 383362.125] (assumes normal distribution)

Secondary result "io.github.agentic.spring.ai.benchmark.react.AgenticSpringReactBenchmark.oneModelTurn:gc.count":
  274.000 ±(99.9%) 0.001 counts [Sum]
  (min, avg, max) = (8.000, 11.417, 12.000), stdev = 1.018
  CI (99.9%): [274.000, 274.000] (assumes normal distribution)

Secondary result "io.github.agentic.spring.ai.benchmark.react.AgenticSpringReactBenchmark.oneModelTurn:gc.time":
  161.000 ±(99.9%) 0.001 ms [Sum]
  (min, avg, max) = (6.000, 6.708, 7.000), stdev = 0.464
  CI (99.9%): [161.000, 161.000] (assumes normal distribution)


# JMH version: 1.37
# VM version: JDK 17.0.19, OpenJDK 64-Bit Server VM, 17.0.19+10-LTS
# VM invoker: <HOME>/.local/share/mise/installs/java/zulu-17.66.19.0/bin/java
# VM options: <none>
# Blackhole mode: compiler (auto-detected, use -Djmh.blackhole.autoDetect=false to disable)
# Warmup: 5 iterations, 1 s each
# Measurement: 8 iterations, 1 s each
# Timeout: 10 min per iteration
# Threads: 1 thread, will synchronize iterations
# Benchmark mode: Average time, time/op
# Benchmark: io.github.agentic.spring.ai.benchmark.react.AgenticSpringReactBenchmark.oneToolRoundTrip

# Run progress: 66.67% complete, ETA 00:00:55
# Fork: 1 of 3
# Warmup Iteration   1: 2477.985 us/op
# Warmup Iteration   2: 684.535 us/op
# Warmup Iteration   3: 493.103 us/op
# Warmup Iteration   4: 468.565 us/op
# Warmup Iteration   5: 450.542 us/op
Iteration   1: 444.362 us/op
                 gc.alloc.rate:      2611.735 MB/sec
                 gc.alloc.rate.norm: 1217077.811 B/op
                 gc.count:           9.000 counts
                 gc.time:            6.000 ms

Iteration   2: 436.410 us/op
                 gc.alloc.rate:      2658.911 MB/sec
                 gc.alloc.rate.norm: 1216913.705 B/op
                 gc.count:           9.000 counts
                 gc.time:            5.000 ms

Iteration   3: 435.102 us/op
                 gc.alloc.rate:      2666.951 MB/sec
                 gc.alloc.rate.norm: 1216891.437 B/op
                 gc.count:           8.000 counts
                 gc.time:            5.000 ms

Iteration   4: 434.902 us/op
                 gc.alloc.rate:      2668.145 MB/sec
                 gc.alloc.rate.norm: 1216890.554 B/op
                 gc.count:           9.000 counts
                 gc.time:            5.000 ms

Iteration   5: 434.006 us/op
                 gc.alloc.rate:      2673.587 MB/sec
                 gc.alloc.rate.norm: 1216890.584 B/op
                 gc.count:           9.000 counts
                 gc.time:            5.000 ms

Iteration   6: 433.919 us/op
                 gc.alloc.rate:      2674.177 MB/sec
                 gc.alloc.rate.norm: 1216890.578 B/op
                 gc.count:           9.000 counts
                 gc.time:            6.000 ms

Iteration   7: 433.936 us/op
                 gc.alloc.rate:      2674.072 MB/sec
                 gc.alloc.rate.norm: 1216890.566 B/op
                 gc.count:           9.000 counts
                 gc.time:            5.000 ms

Iteration   8: 434.479 us/op
                 gc.alloc.rate:      2670.807 MB/sec
                 gc.alloc.rate.norm: 1216890.555 B/op
                 gc.count:           9.000 counts
                 gc.time:            6.000 ms


# Run progress: 77.78% complete, ETA 00:00:37
# Fork: 2 of 3
# Warmup Iteration   1: 2572.097 us/op
# Warmup Iteration   2: 708.909 us/op
# Warmup Iteration   3: 491.755 us/op
# Warmup Iteration   4: 467.126 us/op
# Warmup Iteration   5: 445.978 us/op
Iteration   1: 444.017 us/op
                 gc.alloc.rate:      2614.943 MB/sec
                 gc.alloc.rate.norm: 1217629.548 B/op
                 gc.count:           9.000 counts
                 gc.time:            5.000 ms

Iteration   2: 436.467 us/op
                 gc.alloc.rate:      2659.667 MB/sec
                 gc.alloc.rate.norm: 1217479.899 B/op
                 gc.count:           8.000 counts
                 gc.time:            5.000 ms

Iteration   3: 433.714 us/op
                 gc.alloc.rate:      2676.733 MB/sec
                 gc.alloc.rate.norm: 1217451.431 B/op
                 gc.count:           9.000 counts
                 gc.time:            6.000 ms

Iteration   4: 434.722 us/op
                 gc.alloc.rate:      2670.474 MB/sec
                 gc.alloc.rate.norm: 1217450.587 B/op
                 gc.count:           9.000 counts
                 gc.time:            5.000 ms

Iteration   5: 432.878 us/op
                 gc.alloc.rate:      2681.832 MB/sec
                 gc.alloc.rate.norm: 1217450.549 B/op
                 gc.count:           9.000 counts
                 gc.time:            5.000 ms

Iteration   6: 434.177 us/op
                 gc.alloc.rate:      2673.818 MB/sec
                 gc.alloc.rate.norm: 1217450.566 B/op
                 gc.count:           9.000 counts
                 gc.time:            6.000 ms

Iteration   7: 432.906 us/op
                 gc.alloc.rate:      2681.743 MB/sec
                 gc.alloc.rate.norm: 1217450.543 B/op
                 gc.count:           9.000 counts
                 gc.time:            5.000 ms

Iteration   8: 433.747 us/op
                 gc.alloc.rate:      2676.518 MB/sec
                 gc.alloc.rate.norm: 1217450.540 B/op
                 gc.count:           9.000 counts
                 gc.time:            6.000 ms


# Run progress: 88.89% complete, ETA 00:00:18
# Fork: 3 of 3
# Warmup Iteration   1: 2538.922 us/op
# Warmup Iteration   2: 710.165 us/op
# Warmup Iteration   3: 502.453 us/op
# Warmup Iteration   4: 464.005 us/op
# Warmup Iteration   5: 453.627 us/op
Iteration   1: 440.484 us/op
                 gc.alloc.rate:      2632.405 MB/sec
                 gc.alloc.rate.norm: 1216010.748 B/op
                 gc.count:           8.000 counts
                 gc.time:            5.000 ms

Iteration   2: 436.208 us/op
                 gc.alloc.rate:      2658.078 MB/sec
                 gc.alloc.rate.norm: 1215938.843 B/op
                 gc.count:           9.000 counts
                 gc.time:            5.000 ms

Iteration   3: 435.553 us/op
                 gc.alloc.rate:      2661.975 MB/sec
                 gc.alloc.rate.norm: 1215939.473 B/op
                 gc.count:           9.000 counts
                 gc.time:            5.000 ms

Iteration   4: 435.257 us/op
                 gc.alloc.rate:      2663.936 MB/sec
                 gc.alloc.rate.norm: 1215938.552 B/op
                 gc.count:           9.000 counts
                 gc.time:            6.000 ms

Iteration   5: 434.906 us/op
                 gc.alloc.rate:      2666.071 MB/sec
                 gc.alloc.rate.norm: 1215938.554 B/op
                 gc.count:           9.000 counts
                 gc.time:            5.000 ms

Iteration   6: 438.257 us/op
                 gc.alloc.rate:      2645.683 MB/sec
                 gc.alloc.rate.norm: 1215938.576 B/op
                 gc.count:           8.000 counts
                 gc.time:            5.000 ms

Iteration   7: 436.173 us/op
                 gc.alloc.rate:      2658.318 MB/sec
                 gc.alloc.rate.norm: 1215938.586 B/op
                 gc.count:           9.000 counts
                 gc.time:            5.000 ms

Iteration   8: 435.450 us/op
                 gc.alloc.rate:      2662.767 MB/sec
                 gc.alloc.rate.norm: 1215938.543 B/op
                 gc.count:           9.000 counts
                 gc.time:            6.000 ms



Result "io.github.agentic.spring.ai.benchmark.react.AgenticSpringReactBenchmark.oneToolRoundTrip":
  435.918 ±(99.9%) 2.343 us/op [Average]
  (min, avg, max) = (432.878, 435.918, 444.362), stdev = 3.046
  CI (99.9%): [433.575, 438.261] (assumes normal distribution)

Secondary result "io.github.agentic.spring.ai.benchmark.react.AgenticSpringReactBenchmark.oneToolRoundTrip:gc.alloc.rate":
  2661.806 ±(99.9%) 14.287 MB/sec [Average]
  (min, avg, max) = (2611.735, 2661.806, 2681.832), stdev = 18.577
  CI (99.9%): [2647.519, 2676.093] (assumes normal distribution)

Secondary result "io.github.agentic.spring.ai.benchmark.react.AgenticSpringReactBenchmark.oneToolRoundTrip:gc.alloc.rate.norm":
  1216780.472 ±(99.9%) 497.807 B/op [Average]
  (min, avg, max) = (1215938.543, 1216780.472, 1217629.548), stdev = 647.289
  CI (99.9%): [1216282.665, 1217278.279] (assumes normal distribution)

Secondary result "io.github.agentic.spring.ai.benchmark.react.AgenticSpringReactBenchmark.oneToolRoundTrip:gc.count":
  212.000 ±(99.9%) 0.001 counts [Sum]
  (min, avg, max) = (8.000, 8.833, 9.000), stdev = 0.381
  CI (99.9%): [212.000, 212.000] (assumes normal distribution)

Secondary result "io.github.agentic.spring.ai.benchmark.react.AgenticSpringReactBenchmark.oneToolRoundTrip:gc.time":
  128.000 ±(99.9%) 0.001 ms [Sum]
  (min, avg, max) = (5.000, 5.333, 6.000), stdev = 0.482
  CI (99.9%): [128.000, 128.000] (assumes normal distribution)


# Run complete. Total time: 00:02:46

REMEMBER: The numbers below are just data. To gain reusable insights, you need to follow up on
why the numbers are the way they are. Use profilers (see -prof, -lprof), design factorial
experiments, perform baseline and negative tests that provide experimental control, make sure
the benchmarking environment is safe on JVM/OS/HW level, ask for reviews from the domain experts.
Do not assume the numbers tell you what you want them to tell.

NOTE: Current JVM experimentally supports Compiler Blackholes, and they are in use. Please exercise
extra caution when trusting the results, look into the generated code to check the benchmark still
works, and factor in a small probability of new VM bugs. Additionally, while comparisons between
different JVMs are already problematic, the performance difference caused by different Blackhole
modes can be very significant. Please make sure you use the consistent Blackhole mode for comparisons.

Benchmark                                                           Mode  Cnt        Score     Error   Units
AgenticSpringReactBenchmark.directModelBaseline                     avgt   24        0.028 ±   0.001   us/op
AgenticSpringReactBenchmark.directModelBaseline:gc.alloc.rate       avgt   24    15374.043 ± 446.167  MB/sec
AgenticSpringReactBenchmark.directModelBaseline:gc.alloc.rate.norm  avgt   24      456.000 ±   0.001    B/op
AgenticSpringReactBenchmark.directModelBaseline:gc.count            avgt   24      517.000            counts
AgenticSpringReactBenchmark.directModelBaseline:gc.time             avgt   24      308.000                ms
AgenticSpringReactBenchmark.oneModelTurn                            avgt   24       96.330 ±   7.806   us/op
AgenticSpringReactBenchmark.oneModelTurn:gc.alloc.rate              avgt   24     3824.923 ± 239.014  MB/sec
AgenticSpringReactBenchmark.oneModelTurn:gc.alloc.rate.norm         avgt   24   383238.360 ± 123.766    B/op
AgenticSpringReactBenchmark.oneModelTurn:gc.count                   avgt   24      274.000            counts
AgenticSpringReactBenchmark.oneModelTurn:gc.time                    avgt   24      161.000                ms
AgenticSpringReactBenchmark.oneToolRoundTrip                        avgt   24      435.918 ±   2.343   us/op
AgenticSpringReactBenchmark.oneToolRoundTrip:gc.alloc.rate          avgt   24     2661.806 ±  14.287  MB/sec
AgenticSpringReactBenchmark.oneToolRoundTrip:gc.alloc.rate.norm     avgt   24  1216780.472 ± 497.807    B/op
AgenticSpringReactBenchmark.oneToolRoundTrip:gc.count               avgt   24      212.000            counts
AgenticSpringReactBenchmark.oneToolRoundTrip:gc.time                avgt   24      128.000                ms

Benchmark result is saved to <HOME>/workspace/indi/java/agentic-spring-ai-benchmark/results/20260903T141000Z/react/jmh.json
