# JMH version: 1.37
# VM version: JDK 17.0.19, OpenJDK 64-Bit Server VM, 17.0.19+10-LTS
# VM invoker: <HOME>/.local/share/mise/installs/java/zulu-17.66.19.0/bin/java
# VM options: <none>
# Blackhole mode: compiler (auto-detected, use -Djmh.blackhole.autoDetect=false to disable)
# Warmup: 8 iterations, 1 s each
# Measurement: 12 iterations, 1 s each
# Timeout: 10 min per iteration
# Threads: 8 threads, will synchronize iterations
# Benchmark mode: Throughput, ops/time
# Benchmark: io.github.agentic.spring.ai.benchmark.react.ReactThroughputBenchmark.threads8

# Run progress: 0.00% complete, ETA 00:01:40
# Fork: 1 of 5
# Warmup Iteration   1: 4349.945 ops/s
# Warmup Iteration   2: 13368.289 ops/s
# Warmup Iteration   3: 33749.325 ops/s
# Warmup Iteration   4: 40535.598 ops/s
# Warmup Iteration   5: 40449.677 ops/s
# Warmup Iteration   6: 40692.023 ops/s
# Warmup Iteration   7: 40500.306 ops/s
# Warmup Iteration   8: 40515.697 ops/s
Iteration   1: 40517.009 ops/s
                 gc.alloc.rate:      14798.251 MB/sec
                 gc.alloc.rate.norm: 383129.569 B/op
                 gc.count:           23.000 counts
                 gc.time:            15.000 ms

Iteration   2: 40339.881 ops/s
                 gc.alloc.rate:      14731.282 MB/sec
                 gc.alloc.rate.norm: 383129.788 B/op
                 gc.count:           23.000 counts
                 gc.time:            16.000 ms

Iteration   3: 40551.206 ops/s
                 gc.alloc.rate:      14809.286 MB/sec
                 gc.alloc.rate.norm: 383129.527 B/op
                 gc.count:           23.000 counts
                 gc.time:            14.000 ms

Iteration   4: 40396.981 ops/s
                 gc.alloc.rate:      14749.831 MB/sec
                 gc.alloc.rate.norm: 383130.794 B/op
                 gc.count:           23.000 counts
                 gc.time:            15.000 ms

Iteration   5: 40666.329 ops/s
                 gc.alloc.rate:      14849.237 MB/sec
                 gc.alloc.rate.norm: 383129.706 B/op
                 gc.count:           24.000 counts
                 gc.time:            15.000 ms

Iteration   6: 40683.153 ops/s
                 gc.alloc.rate:      14858.263 MB/sec
                 gc.alloc.rate.norm: 383129.757 B/op
                 gc.count:           23.000 counts
                 gc.time:            15.000 ms

Iteration   7: 40550.803 ops/s
                 gc.alloc.rate:      14805.954 MB/sec
                 gc.alloc.rate.norm: 383129.888 B/op
                 gc.count:           23.000 counts
                 gc.time:            15.000 ms

Iteration   8: 40289.424 ops/s
                 gc.alloc.rate:      14707.663 MB/sec
                 gc.alloc.rate.norm: 383129.424 B/op
                 gc.count:           23.000 counts
                 gc.time:            15.000 ms

Iteration   9: 40648.546 ops/s
                 gc.alloc.rate:      14842.926 MB/sec
                 gc.alloc.rate.norm: 383129.375 B/op
                 gc.count:           23.000 counts
                 gc.time:            15.000 ms

Iteration  10: 40483.507 ops/s
                 gc.alloc.rate:      14782.875 MB/sec
                 gc.alloc.rate.norm: 383129.664 B/op
                 gc.count:           23.000 counts
                 gc.time:            14.000 ms

Iteration  11: 40643.941 ops/s
                 gc.alloc.rate:      14839.881 MB/sec
                 gc.alloc.rate.norm: 383129.655 B/op
                 gc.count:           24.000 counts
                 gc.time:            16.000 ms

Iteration  12: 40697.533 ops/s
                 gc.alloc.rate:      14863.089 MB/sec
                 gc.alloc.rate.norm: 383129.796 B/op
                 gc.count:           23.000 counts
                 gc.time:            15.000 ms


# Run progress: 20.00% complete, ETA 00:01:42
# Fork: 2 of 5
# Warmup Iteration   1: 4209.521 ops/s
# Warmup Iteration   2: 12207.513 ops/s
# Warmup Iteration   3: 35901.491 ops/s
# Warmup Iteration   4: 42865.004 ops/s
# Warmup Iteration   5: 42712.034 ops/s
# Warmup Iteration   6: 40225.919 ops/s
# Warmup Iteration   7: 42485.850 ops/s
# Warmup Iteration   8: 42801.832 ops/s
Iteration   1: 42628.165 ops/s
                 gc.alloc.rate:      15587.368 MB/sec
                 gc.alloc.rate.norm: 383623.559 B/op
                 gc.count:           24.000 counts
                 gc.time:            16.000 ms

Iteration   2: 42563.991 ops/s
                 gc.alloc.rate:      15563.073 MB/sec
                 gc.alloc.rate.norm: 383622.990 B/op
                 gc.count:           25.000 counts
                 gc.time:            16.000 ms

Iteration   3: 42887.065 ops/s
                 gc.alloc.rate:      15681.179 MB/sec
                 gc.alloc.rate.norm: 383622.593 B/op
                 gc.count:           24.000 counts
                 gc.time:            14.000 ms

Iteration   4: 43032.973 ops/s
                 gc.alloc.rate:      15731.850 MB/sec
                 gc.alloc.rate.norm: 383623.126 B/op
                 gc.count:           25.000 counts
                 gc.time:            16.000 ms

Iteration   5: 43491.469 ops/s
                 gc.alloc.rate:      15900.021 MB/sec
                 gc.alloc.rate.norm: 383622.550 B/op
                 gc.count:           25.000 counts
                 gc.time:            17.000 ms

Iteration   6: 43177.379 ops/s
                 gc.alloc.rate:      15787.728 MB/sec
                 gc.alloc.rate.norm: 383622.444 B/op
                 gc.count:           24.000 counts
                 gc.time:            15.000 ms

Iteration   7: 39632.709 ops/s
                 gc.alloc.rate:      14472.411 MB/sec
                 gc.alloc.rate.norm: 383621.249 B/op
                 gc.count:           23.000 counts
                 gc.time:            15.000 ms

Iteration   8: 36143.710 ops/s
                 gc.alloc.rate:      13141.787 MB/sec
                 gc.alloc.rate.norm: 383619.813 B/op
                 gc.count:           21.000 counts
                 gc.time:            15.000 ms

Iteration   9: 39442.406 ops/s
                 gc.alloc.rate:      14417.982 MB/sec
                 gc.alloc.rate.norm: 383621.404 B/op
                 gc.count:           22.000 counts
                 gc.time:            14.000 ms

Iteration  10: 39644.635 ops/s
                 gc.alloc.rate:      14495.820 MB/sec
                 gc.alloc.rate.norm: 383621.988 B/op
                 gc.count:           23.000 counts
                 gc.time:            15.000 ms

Iteration  11: 40384.740 ops/s
                 gc.alloc.rate:      14768.151 MB/sec
                 gc.alloc.rate.norm: 383622.602 B/op
                 gc.count:           23.000 counts
                 gc.time:            16.000 ms

Iteration  12: 39447.419 ops/s
                 gc.alloc.rate:      14425.967 MB/sec
                 gc.alloc.rate.norm: 383621.676 B/op
                 gc.count:           23.000 counts
                 gc.time:            15.000 ms


# Run progress: 40.00% complete, ETA 00:01:16
# Fork: 3 of 5
# Warmup Iteration   1: 3393.477 ops/s
# Warmup Iteration   2: 10892.754 ops/s
# Warmup Iteration   3: 16902.649 ops/s
# Warmup Iteration   4: 29288.567 ops/s
# Warmup Iteration   5: 36452.141 ops/s
# Warmup Iteration   6: 37364.110 ops/s
# Warmup Iteration   7: 34772.510 ops/s
# Warmup Iteration   8: 35379.693 ops/s
Iteration   1: 37179.010 ops/s
                 gc.alloc.rate:      13612.648 MB/sec
                 gc.alloc.rate.norm: 384101.757 B/op
                 gc.count:           21.000 counts
                 gc.time:            14.000 ms

Iteration   2: 39112.659 ops/s
                 gc.alloc.rate:      14317.019 MB/sec
                 gc.alloc.rate.norm: 384102.413 B/op
                 gc.count:           22.000 counts
                 gc.time:            14.000 ms

Iteration   3: 39090.061 ops/s
                 gc.alloc.rate:      14306.386 MB/sec
                 gc.alloc.rate.norm: 384102.432 B/op
                 gc.count:           23.000 counts
                 gc.time:            15.000 ms

Iteration   4: 39223.400 ops/s
                 gc.alloc.rate:      14356.008 MB/sec
                 gc.alloc.rate.norm: 384102.206 B/op
                 gc.count:           22.000 counts
                 gc.time:            14.000 ms

Iteration   5: 34871.289 ops/s
                 gc.alloc.rate:      12765.546 MB/sec
                 gc.alloc.rate.norm: 384100.974 B/op
                 gc.count:           20.000 counts
                 gc.time:            13.000 ms

Iteration   6: 37505.469 ops/s
                 gc.alloc.rate:      13732.884 MB/sec
                 gc.alloc.rate.norm: 384103.016 B/op
                 gc.count:           22.000 counts
                 gc.time:            14.000 ms

Iteration   7: 38405.601 ops/s
                 gc.alloc.rate:      14061.589 MB/sec
                 gc.alloc.rate.norm: 384101.858 B/op
                 gc.count:           22.000 counts
                 gc.time:            15.000 ms

Iteration   8: 38307.043 ops/s
                 gc.alloc.rate:      14024.287 MB/sec
                 gc.alloc.rate.norm: 384101.878 B/op
                 gc.count:           21.000 counts
                 gc.time:            13.000 ms

Iteration   9: 37953.008 ops/s
                 gc.alloc.rate:      13895.952 MB/sec
                 gc.alloc.rate.norm: 384102.161 B/op
                 gc.count:           22.000 counts
                 gc.time:            14.000 ms

Iteration  10: 37452.355 ops/s
                 gc.alloc.rate:      13713.017 MB/sec
                 gc.alloc.rate.norm: 384102.511 B/op
                 gc.count:           22.000 counts
                 gc.time:            15.000 ms

Iteration  11: 38096.367 ops/s
                 gc.alloc.rate:      13948.291 MB/sec
                 gc.alloc.rate.norm: 384102.638 B/op
                 gc.count:           21.000 counts
                 gc.time:            15.000 ms

Iteration  12: 36427.517 ops/s
                 gc.alloc.rate:      13337.262 MB/sec
                 gc.alloc.rate.norm: 384102.151 B/op
                 gc.count:           21.000 counts
                 gc.time:            14.000 ms


# Run progress: 60.00% complete, ETA 00:00:51
# Fork: 4 of 5
# Warmup Iteration   1: 3520.405 ops/s
# Warmup Iteration   2: 11903.201 ops/s
# Warmup Iteration   3: 20360.643 ops/s
# Warmup Iteration   4: 41085.404 ops/s
# Warmup Iteration   5: 41597.277 ops/s
# Warmup Iteration   6: 37002.818 ops/s
# Warmup Iteration   7: 40773.741 ops/s
# Warmup Iteration   8: 39838.003 ops/s
Iteration   1: 41042.810 ops/s
                 gc.alloc.rate:      15025.462 MB/sec
                 gc.alloc.rate.norm: 384047.786 B/op
                 gc.count:           23.000 counts
                 gc.time:            15.000 ms

Iteration   2: 40272.413 ops/s
                 gc.alloc.rate:      14739.410 MB/sec
                 gc.alloc.rate.norm: 384047.333 B/op
                 gc.count:           23.000 counts
                 gc.time:            15.000 ms

Iteration   3: 41712.627 ops/s
                 gc.alloc.rate:      15269.100 MB/sec
                 gc.alloc.rate.norm: 384048.059 B/op
                 gc.count:           24.000 counts
                 gc.time:            16.000 ms

Iteration   4: 40345.000 ops/s
                 gc.alloc.rate:      14765.179 MB/sec
                 gc.alloc.rate.norm: 384047.287 B/op
                 gc.count:           23.000 counts
                 gc.time:            14.000 ms

Iteration   5: 36567.336 ops/s
                 gc.alloc.rate:      13388.269 MB/sec
                 gc.alloc.rate.norm: 384046.553 B/op
                 gc.count:           21.000 counts
                 gc.time:            14.000 ms

Iteration   6: 39951.924 ops/s
                 gc.alloc.rate:      14613.129 MB/sec
                 gc.alloc.rate.norm: 384047.393 B/op
                 gc.count:           23.000 counts
                 gc.time:            16.000 ms

Iteration   7: 41061.130 ops/s
                 gc.alloc.rate:      15031.153 MB/sec
                 gc.alloc.rate.norm: 384047.285 B/op
                 gc.count:           24.000 counts
                 gc.time:            15.000 ms

Iteration   8: 41858.682 ops/s
                 gc.alloc.rate:      15319.584 MB/sec
                 gc.alloc.rate.norm: 384048.342 B/op
                 gc.count:           24.000 counts
                 gc.time:            16.000 ms

Iteration   9: 36041.676 ops/s
                 gc.alloc.rate:      13193.736 MB/sec
                 gc.alloc.rate.norm: 384045.961 B/op
                 gc.count:           20.000 counts
                 gc.time:            14.000 ms

Iteration  10: 34426.332 ops/s
                 gc.alloc.rate:      12588.235 MB/sec
                 gc.alloc.rate.norm: 384044.332 B/op
                 gc.count:           20.000 counts
                 gc.time:            14.000 ms

Iteration  11: 40161.591 ops/s
                 gc.alloc.rate:      14624.889 MB/sec
                 gc.alloc.rate.norm: 384047.127 B/op
                 gc.count:           23.000 counts
                 gc.time:            14.000 ms

Iteration  12: 42206.734 ops/s
                 gc.alloc.rate:      15449.459 MB/sec
                 gc.alloc.rate.norm: 384048.561 B/op
                 gc.count:           24.000 counts
                 gc.time:            16.000 ms


# Run progress: 80.00% complete, ETA 00:00:25
# Fork: 5 of 5
# Warmup Iteration   1: 3466.097 ops/s
# Warmup Iteration   2: 6356.487 ops/s
# Warmup Iteration   3: 13206.136 ops/s
# Warmup Iteration   4: 28430.747 ops/s
# Warmup Iteration   5: 40046.654 ops/s
# Warmup Iteration   6: 40569.656 ops/s
# Warmup Iteration   7: 38691.633 ops/s
# Warmup Iteration   8: 39077.669 ops/s
Iteration   1: 39827.403 ops/s
                 gc.alloc.rate:      14574.538 MB/sec
                 gc.alloc.rate.norm: 383969.181 B/op
                 gc.count:           23.000 counts
                 gc.time:            15.000 ms

Iteration   2: 40653.608 ops/s
                 gc.alloc.rate:      14880.079 MB/sec
                 gc.alloc.rate.norm: 383968.282 B/op
                 gc.count:           23.000 counts
                 gc.time:            15.000 ms

Iteration   3: 37863.651 ops/s
                 gc.alloc.rate:      13858.375 MB/sec
                 gc.alloc.rate.norm: 383968.810 B/op
                 gc.count:           22.000 counts
                 gc.time:            15.000 ms

Iteration   4: 40899.284 ops/s
                 gc.alloc.rate:      14966.312 MB/sec
                 gc.alloc.rate.norm: 383970.009 B/op
                 gc.count:           24.000 counts
                 gc.time:            16.000 ms

Iteration   5: 42347.102 ops/s
                 gc.alloc.rate:      15499.188 MB/sec
                 gc.alloc.rate.norm: 383971.549 B/op
                 gc.count:           24.000 counts
                 gc.time:            15.000 ms

Iteration   6: 42383.707 ops/s
                 gc.alloc.rate:      15512.702 MB/sec
                 gc.alloc.rate.norm: 383970.607 B/op
                 gc.count:           24.000 counts
                 gc.time:            16.000 ms

Iteration   7: 42196.263 ops/s
                 gc.alloc.rate:      15446.052 MB/sec
                 gc.alloc.rate.norm: 383970.460 B/op
                 gc.count:           24.000 counts
                 gc.time:            15.000 ms

Iteration   8: 38889.956 ops/s
                 gc.alloc.rate:      14233.824 MB/sec
                 gc.alloc.rate.norm: 383968.196 B/op
                 gc.count:           22.000 counts
                 gc.time:            15.000 ms

Iteration   9: 39747.959 ops/s
                 gc.alloc.rate:      14547.909 MB/sec
                 gc.alloc.rate.norm: 383968.781 B/op
                 gc.count:           23.000 counts
                 gc.time:            15.000 ms

Iteration  10: 42287.528 ops/s
                 gc.alloc.rate:      15477.874 MB/sec
                 gc.alloc.rate.norm: 383970.638 B/op
                 gc.count:           24.000 counts
                 gc.time:            16.000 ms

Iteration  11: 42479.882 ops/s
                 gc.alloc.rate:      15548.725 MB/sec
                 gc.alloc.rate.norm: 383970.734 B/op
                 gc.count:           25.000 counts
                 gc.time:            16.000 ms

Iteration  12: 41209.266 ops/s
                 gc.alloc.rate:      15082.695 MB/sec
                 gc.alloc.rate.norm: 383970.039 B/op
                 gc.count:           23.000 counts
                 gc.time:            14.000 ms



Result "io.github.agentic.spring.ai.benchmark.react.ReactThroughputBenchmark.threads8":
  39983.377 ±(99.9%) 931.774 ops/s [Average]
  (min, avg, max) = (34426.332, 39983.377, 43491.469), stdev = 2084.047
  CI (99.9%): [39051.603, 40915.151] (assumes normal distribution)

Secondary result "io.github.agentic.spring.ai.benchmark.react.ReactThroughputBenchmark.threads8:gc.alloc.rate":
  14621.977 ±(99.9%) 340.355 MB/sec [Average]
  (min, avg, max) = (12588.235, 14621.977, 15900.021), stdev = 761.252
  CI (99.9%): [14281.623, 14962.332] (assumes normal distribution)

Secondary result "io.github.agentic.spring.ai.benchmark.react.ReactThroughputBenchmark.threads8:gc.alloc.rate.norm":
  383774.204 ±(99.9%) 163.656 B/op [Average]
  (min, avg, max) = (383129.375, 383774.204, 384103.016), stdev = 366.040
  CI (99.9%): [383610.548, 383937.860] (assumes normal distribution)

Secondary result "io.github.agentic.spring.ai.benchmark.react.ReactThroughputBenchmark.threads8:gc.count":
  1372.000 ±(99.9%) 0.001 counts [Sum]
  (min, avg, max) = (20.000, 22.867, 25.000), stdev = 1.228
  CI (99.9%): [1372.000, 1372.000] (assumes normal distribution)

Secondary result "io.github.agentic.spring.ai.benchmark.react.ReactThroughputBenchmark.threads8:gc.time":
  896.000 ±(99.9%) 0.001 ms [Sum]
  (min, avg, max) = (13.000, 14.933, 17.000), stdev = 0.841
  CI (99.9%): [896.000, 896.000] (assumes normal distribution)


# Run complete. Total time: 00:02:07

REMEMBER: The numbers below are just data. To gain reusable insights, you need to follow up on
why the numbers are the way they are. Use profilers (see -prof, -lprof), design factorial
experiments, perform baseline and negative tests that provide experimental control, make sure
the benchmarking environment is safe on JVM/OS/HW level, ask for reviews from the domain experts.
Do not assume the numbers tell you what you want them to tell.

NOTE: Current JVM experimentally supports Compiler Blackholes, and they are in use. Please exercise
extra caution when trusting the results, look into the generated code to check the benchmark still
works, and factor in a small probability of new VM bugs. Additionally, while comparisons between
different JVMs are already problematic, the performance difference caused by different Blackhole
modes can be very significant. Please make sure you use the consistent Blackhole mode for comparisons.

Benchmark                                              Mode  Cnt       Score     Error   Units
ReactThroughputBenchmark.threads8                     thrpt   60   39983.377 ± 931.774   ops/s
ReactThroughputBenchmark.threads8:gc.alloc.rate       thrpt   60   14621.977 ± 340.355  MB/sec
ReactThroughputBenchmark.threads8:gc.alloc.rate.norm  thrpt   60  383774.204 ± 163.656    B/op
ReactThroughputBenchmark.threads8:gc.count            thrpt   60    1372.000            counts
ReactThroughputBenchmark.threads8:gc.time             thrpt   60     896.000                ms

Benchmark result is saved to results/20260903T065000Z/react/threads8-confirmation.json
